 not found at ESGF
